npm verbose cli /usr/bin/node-22 /usr/bin/npm
npm info using npm@10.9.8
npm info using node@v22.23.1
npm verbose title npm install
npm verbose argv "install" "--no-audit" "--no-fund" "--loglevel" "verbose"
npm verbose logfile logs-max:10 dir:/home/athul/.npm/_logs/2026-09-04T19_59_11_241Z-
npm verbose logfile /home/athul/.npm/_logs/2026-09-04T19_59_11_241Z-debug-0.log
npm http cache https://registry.npmjs.org/react 35ms (cache hit)
npm http cache https://registry.npmjs.org/react-dom 32ms (cache hit)
npm http cache https://registry.npmjs.org/@eslint%2fjs 11ms (cache hit)
npm http cache https://registry.npmjs.org/eslint 10ms (cache hit)
npm http cache https://registry.npmjs.org/jiti 6ms (cache hit)
npm http cache https://registry.npmjs.org/@types%2fchrome 7ms (cache hit)
npm http cache https://registry.npmjs.org/@types%2fnode 32ms (cache hit)
npm http cache https://registry.npmjs.org/@types%2freact 12ms (cache hit)
npm http cache https://registry.npmjs.org/@types%2freact-dom 5ms (cache hit)
npm http cache https://registry.npmjs.org/@vitejs%2fplugin-react 5ms (cache hit)
npm http cache https://registry.npmjs.org/@rolldown%2fplugin-babel 2ms (cache hit)
npm http cache https://registry.npmjs.org/@babel%2fcore 9ms (cache hit)
npm http cache https://registry.npmjs.org/@babel%2fplugin-transform-runtime 4ms (cache hit)
npm http cache https://registry.npmjs.org/@babel%2fruntime 12ms (cache hit)
npm http cache https://registry.npmjs.org/rolldown 10ms (cache hit)
npm http cache https://registry.npmjs.org/vite 153ms (cache hit)
npm http cache https://registry.npmjs.org/@vitejs%2fdevtools 3ms (cache hit)
npm http cache https://registry.npmjs.org/@vitejs%2fdevtools-oxc 2ms (cache hit)
npm http cache https://registry.npmjs.org/@vitejs%2fdevtools-rolldown 2ms (cache hit)
npm http cache https://registry.npmjs.org/@vitejs%2fdevtools-vite 1ms (cache hit)
npm http cache https://registry.npmjs.org/@vitejs%2fdevtools-vitest 2ms (cache hit)
npm http cache https://registry.npmjs.org/vitest 6ms (cache hit)
npm http cache https://registry.npmjs.org/@edge-runtime%2fvm 2ms (cache hit)
npm http cache https://registry.npmjs.org/@opentelemetry%2fapi 2ms (cache hit)
npm http cache https://registry.npmjs.org/@vitest%2fbrowser-playwright 2ms (cache hit)
npm http cache https://registry.npmjs.org/playwright 31ms (cache hit)
npm http cache https://registry.npmjs.org/@vitest%2fbrowser-preview 7ms (cache hit)
npm http cache https://registry.npmjs.org/@vitest%2fbrowser-webdriverio 2ms (cache hit)
npm http cache https://registry.npmjs.org/webdriverio 7ms (cache hit)
npm http cache https://registry.npmjs.org/puppeteer-core 9ms (cache hit)
npm http cache https://registry.npmjs.org/@vitest%2fcoverage-istanbul 5ms (cache hit)
npm http cache https://registry.npmjs.org/@vitest%2fcoverage-v8 2ms (cache hit)
npm http cache https://registry.npmjs.org/@vitest%2fbrowser 3ms (cache hit)
npm http cache https://registry.npmjs.org/@vitest%2fui 4ms (cache hit)
npm http cache https://registry.npmjs.org/happy-dom 7ms (cache hit)
npm http cache https://registry.npmjs.org/jsdom 6ms (cache hit)
npm http cache https://registry.npmjs.org/canvas 2ms (cache hit)
npm http cache https://registry.npmjs.org/esbuild 4ms (cache hit)
npm http cache https://registry.npmjs.org/less 2ms (cache hit)
npm http cache https://registry.npmjs.org/sass 4ms (cache hit)
npm http cache https://registry.npmjs.org/sass-embedded 2ms (cache hit)
npm http cache https://registry.npmjs.org/stylus 2ms (cache hit)
npm http cache https://registry.npmjs.org/sugarss 3ms (cache hit)
npm http cache https://registry.npmjs.org/postcss 3ms (cache hit)
npm http cache https://registry.npmjs.org/terser 7ms (cache hit)
npm http cache https://registry.npmjs.org/tsx 2ms (cache hit)
npm http cache https://registry.npmjs.org/yaml 4ms (cache hit)
npm http cache https://registry.npmjs.org/babel-plugin-react-compiler 8ms (cache hit)
npm http cache https://registry.npmjs.org/oxc-transform-react 2ms (cache hit)
npm http cache https://registry.npmjs.org/autoprefixer 4ms (cache hit)
npm http cache https://registry.npmjs.org/eslint-plugin-react-hooks 22ms (cache hit)
npm http cache https://registry.npmjs.org/eslint-plugin-react-refresh 4ms (cache hit)
npm http cache https://registry.npmjs.org/globals 2ms (cache hit)
npm http cache https://registry.npmjs.org/tailwindcss 19ms (cache hit)
npm http cache https://registry.npmjs.org/typescript 28ms (cache hit)
npm http cache https://registry.npmjs.org/typescript-eslint 11ms (cache hit)
npm http cache https://registry.npmjs.org/@types%2ffilesystem 8ms (cache hit)
npm http cache https://registry.npmjs.org/undici-types 154ms (cache hit)
npm http cache https://registry.npmjs.org/@types%2fhar-format 157ms (cache hit)
npm http cache https://registry.npmjs.org/rolldown 237ms (cache hit)
npm http cache https://registry.npmjs.org/@rolldown%2fpluginutils 261ms (cache hit)
npm http cache https://registry.npmjs.org/picomatch 297ms (cache hit)
npm http cache https://registry.npmjs.org/csstype 404ms (cache hit)
npm http cache https://registry.npmjs.org/tinyglobby 268ms (cache hit)
npm http cache https://registry.npmjs.org/fsevents 191ms (cache hit)
npm http cache https://registry.npmjs.org/lightningcss 272ms (cache hit)
npm http cache https://registry.npmjs.org/picocolors 172ms (cache hit)
npm http cache https://registry.npmjs.org/browserslist 33ms (cache hit)
npm http cache https://registry.npmjs.org/fraction.js 144ms (cache hit)
npm http cache https://registry.npmjs.org/caniuse-lite 189ms (cache hit)
npm http cache https://registry.npmjs.org/picocolors 219ms (cache hit)
npm http cache https://registry.npmjs.org/nanoid 233ms (cache hit)
npm http cache https://registry.npmjs.org/debug 111ms (cache hit)
npm http cache https://registry.npmjs.org/postcss-value-parser 284ms (cache hit)
npm http cache https://registry.npmjs.org/ajv 296ms (cache hit)
npm http cache https://registry.npmjs.org/source-map-js 344ms (cache hit)
npm http cache https://registry.npmjs.org/espree 144ms (cache hit)
npm http cache https://registry.npmjs.org/ignore 156ms (cache hit)
npm http cache https://registry.npmjs.org/esutils 119ms (cache hit)
npm http cache https://registry.npmjs.org/esquery 138ms (cache hit)
npm http cache https://registry.npmjs.org/find-up 128ms (cache hit)
npm http cache https://registry.npmjs.org/minimatch 79ms (cache hit)
npm http cache https://registry.npmjs.org/is-glob 106ms (cache hit)
npm http cache https://registry.npmjs.org/optionator 87ms (cache hit)
npm http cache https://registry.npmjs.org/glob-parent 200ms (cache hit)
npm http cache https://registry.npmjs.org/imurmurhash 296ms (cache hit)
npm http cache https://registry.npmjs.org/cross-spawn 379ms (cache hit)
npm http cache https://registry.npmjs.org/@eslint%2fcore 340ms (cache hit)
npm http cache https://registry.npmjs.org/eslint-scope 351ms (cache hit)
npm http cache https://registry.npmjs.org/@humanfs%2fnode 342ms (cache hit)
npm http cache https://registry.npmjs.org/@types%2festree 259ms (cache hit)
npm http cache https://registry.npmjs.org/natural-compare 105ms (cache hit)
npm http cache https://registry.npmjs.org/@humanwhocodes%2fretry 15ms (cache hit)
npm http cache https://registry.npmjs.org/file-entry-cache 115ms (cache hit)
npm http cache https://registry.npmjs.org/eslint-visitor-keys 122ms (cache hit)
npm http cache https://registry.npmjs.org/fast-deep-equal 202ms (cache hit)
npm http cache https://registry.npmjs.org/@eslint%2fconfig-array 114ms (cache hit)
npm http cache https://registry.npmjs.org/@eslint%2fplugin-kit 169ms (cache hit)
npm http cache https://registry.npmjs.org/escape-string-regexp 93ms (cache hit)
npm http cache https://registry.npmjs.org/@eslint-community%2fregexpp 57ms (cache hit)
npm http cache https://registry.npmjs.org/json-stable-stringify-without-jsonify 43ms (cache hit)
npm http cache https://registry.npmjs.org/@humanwhocodes%2fmodule-importer 130ms (cache hit)
npm http cache https://registry.npmjs.org/zod 149ms (cache hit)
npm http cache https://registry.npmjs.org/@eslint%2fconfig-helpers 289ms (cache hit)
npm http cache https://registry.npmjs.org/@eslint-community%2feslint-utils 300ms (cache hit)
npm http cache https://registry.npmjs.org/hermes-parser 227ms (cache hit)
npm http cache https://registry.npmjs.org/resolve 20ms (cache hit)
npm http cache https://registry.npmjs.org/arg 99ms (cache hit)
npm http cache https://registry.npmjs.org/@babel%2fparser 296ms (cache hit)
npm http cache https://registry.npmjs.org/zod-validation-error 201ms (cache hit)
npm http cache https://registry.npmjs.org/dlv 80ms (cache hit)
npm http cache https://registry.npmjs.org/scheduler 247ms (cache hit)
npm http cache https://registry.npmjs.org/sucrase 154ms (cache hit)
npm http cache https://registry.npmjs.org/chokidar 136ms (cache hit)
npm http cache https://registry.npmjs.org/fast-glob 155ms (cache hit)
npm http cache https://registry.npmjs.org/micromatch 108ms (cache hit)
npm http cache https://registry.npmjs.org/didyoumean 157ms (cache hit)
npm http cache https://registry.npmjs.org/postcss-js 106ms (cache hit)
npm http cache https://registry.npmjs.org/lilconfig 212ms (cache hit)
npm http cache https://registry.npmjs.org/object-hash 135ms (cache hit)
npm http cache https://registry.npmjs.org/normalize-path 137ms (cache hit)
npm http cache https://registry.npmjs.org/postcss-import 143ms (cache hit)
npm http cache https://registry.npmjs.org/@alloc%2fquick-lru 201ms (cache hit)
npm http cache https://registry.npmjs.org/postcss-nested 247ms (cache hit)
npm http cache https://registry.npmjs.org/postcss-load-config 212ms (cache hit)
npm http cache https://registry.npmjs.org/postcss-selector-parser 321ms (cache hit)
npm http cache https://registry.npmjs.org/@typescript-eslint%2fparser 316ms (cache hit)
npm http cache https://registry.npmjs.org/@typescript-eslint%2futils 448ms (cache hit)
npm http cache https://registry.npmjs.org/@typescript-eslint%2feslint-plugin 459ms (cache hit)
npm http cache https://registry.npmjs.org/@typescript-eslint%2ftypescript-estree 607ms (cache hit)
npm http cache https://registry.npmjs.org/@types%2ffilewriter 3ms (cache hit)
npm http cache https://registry.npmjs.org/update-browserslist-db 14ms (cache hit)
npm http cache https://registry.npmjs.org/node-releases 55ms (cache hit)
npm http cache https://registry.npmjs.org/baseline-browser-mapping 58ms (cache hit)
npm http cache https://registry.npmjs.org/electron-to-chromium 112ms (cache hit)
npm http cache https://registry.npmjs.org/escalade 6ms (cache hit)
npm http cache https://registry.npmjs.org/eslint 16ms (cache hit)
npm http cache https://registry.npmjs.org/@humanfs%2fcore 7ms (cache hit)
npm http cache https://registry.npmjs.org/@eslint%2fobject-schema 174ms (cache hit)
npm http cache https://registry.npmjs.org/uri-js 174ms (cache hit)
npm http cache https://registry.npmjs.org/@types%2fjson-schema 178ms (cache hit)
npm http cache https://registry.npmjs.org/levn 180ms (cache hit)
npm http cache https://registry.npmjs.org/@humanfs%2ftypes 181ms (cache hit)
npm http cache https://registry.npmjs.org/json-schema-traverse 181ms (cache hit)
npm http cache https://registry.npmjs.org/path-key 17ms (cache hit)
npm http cache https://registry.npmjs.org/shebang-command 54ms (cache hit)
npm http cache https://registry.npmjs.org/fast-json-stable-stringify 63ms (cache hit)
npm http cache https://registry.npmjs.org/which 64ms (cache hit)
npm http cache https://registry.npmjs.org/ms 63ms (cache hit)
npm http cache https://registry.npmjs.org/esrecurse 97ms (cache hit)
npm http cache https://registry.npmjs.org/@types%2fesrecurse 102ms (cache hit)
npm http cache https://registry.npmjs.org/estraverse 67ms (cache hit)
npm http cache https://registry.npmjs.org/acorn-jsx 65ms (cache hit)
npm http cache https://registry.npmjs.org/flat-cache 48ms (cache hit)
npm http cache https://registry.npmjs.org/acorn 97ms (cache hit)
npm http cache https://registry.npmjs.org/estraverse 94ms (cache hit)
npm http cache https://registry.npmjs.org/locate-path 86ms (cache hit)
npm http cache https://registry.npmjs.org/path-exists 86ms (cache hit)
npm http cache https://registry.npmjs.org/is-extglob 77ms (cache hit)
npm http cache https://registry.npmjs.org/prelude-ls 63ms (cache hit)
npm http cache https://registry.npmjs.org/type-check 23ms (cache hit)
npm http cache https://registry.npmjs.org/brace-expansion 68ms (cache hit)
npm http cache https://registry.npmjs.org/deep-is 60ms (cache hit)
npm http cache https://registry.npmjs.org/fast-levenshtein 26ms (cache hit)
npm http cache https://registry.npmjs.org/word-wrap 39ms (cache hit)
npm http cache https://registry.npmjs.org/punycode 13ms (cache hit)
npm http cache https://registry.npmjs.org/shebang-regex 4ms (cache hit)
npm http cache https://registry.npmjs.org/isexe 43ms (cache hit)
npm http cache https://registry.npmjs.org/gensync 8ms (cache hit)
npm http cache https://registry.npmjs.org/json5 51ms (cache hit)
npm http cache https://registry.npmjs.org/@babel%2fhelpers 52ms (cache hit)
npm http cache https://registry.npmjs.org/@babel%2ftypes 148ms (cache hit)
npm http cache https://registry.npmjs.org/@babel%2ftemplate 154ms (cache hit)
npm http cache https://registry.npmjs.org/semver 206ms (cache hit)
npm http cache https://registry.npmjs.org/@babel%2ftraverse 242ms (cache hit)
npm http cache https://registry.npmjs.org/@jridgewell%2fremapping 127ms (cache hit)
npm http cache https://registry.npmjs.org/convert-source-map 162ms (cache hit)
npm http cache https://registry.npmjs.org/@babel%2fcode-frame 276ms (cache hit)
npm http cache https://registry.npmjs.org/@babel%2fgenerator 285ms (cache hit)
npm http cache https://registry.npmjs.org/hermes-estree 87ms (cache hit)
npm http cache https://registry.npmjs.org/@babel%2fhelper-module-transforms 194ms (cache hit)
npm http cache https://registry.npmjs.org/@babel%2fhelper-compilation-targets 175ms (cache hit)
npm http cache https://registry.npmjs.org/@babel%2fhelper-validator-identifier 6ms (cache hit)
npm http cache https://registry.npmjs.org/js-tokens 22ms (cache hit)
npm http cache https://registry.npmjs.org/jsesc 36ms (cache hit)
npm http cache https://registry.npmjs.org/@jridgewell%2fgen-mapping 38ms (cache hit)
npm http cache https://registry.npmjs.org/@jridgewell%2ftrace-mapping 47ms (cache hit)
npm http cache https://registry.npmjs.org/@babel%2fcompat-data 198ms (cache hit)
npm http cache https://registry.npmjs.org/lru-cache 208ms (cache hit)
npm http cache https://registry.npmjs.org/@babel%2fhelper-validator-option 272ms (cache hit)
npm http cache https://registry.npmjs.org/@babel%2fhelper-string-parser 271ms (cache hit)
npm http cache https://registry.npmjs.org/@babel%2fhelper-globals 313ms (cache hit)
npm http cache https://registry.npmjs.org/@babel%2fhelper-module-imports 318ms (cache hit)
npm http cache https://registry.npmjs.org/@jridgewell%2fresolve-uri 13ms (cache hit)
npm http cache https://registry.npmjs.org/@jridgewell%2fsourcemap-codec 108ms (cache hit)
npm http cache https://registry.npmjs.org/@jridgewell%2fsourcemap-codec 110ms (cache hit)
npm http cache https://registry.npmjs.org/yallist 6ms (cache hit)
npm http cache https://registry.npmjs.org/flatted 3ms (cache hit)
npm http cache https://registry.npmjs.org/cacheable 30ms (cache hit)
npm http cache https://registry.npmjs.org/hookified 44ms (cache hit)
npm http cache https://registry.npmjs.org/p-locate 4ms (cache hit)
npm http cache https://registry.npmjs.org/qified 2ms (cache hit)
npm http cache https://registry.npmjs.org/keyv 53ms (cache hit)
npm http cache https://registry.npmjs.org/@cacheable%2fmemory 58ms (cache hit)
npm http cache https://registry.npmjs.org/@cacheable%2futils 83ms (cache hit)
npm http cache https://registry.npmjs.org/@keyv%2fserialize 4ms (cache hit)
npm http cache https://registry.npmjs.org/hashery 55ms (cache hit)
npm http cache https://registry.npmjs.org/@keyv%2fbigmap 59ms (cache hit)
npm http cache https://registry.npmjs.org/p-limit 5ms (cache hit)
npm http cache https://registry.npmjs.org/balanced-match 2ms (cache hit)
npm http cache https://registry.npmjs.org/yocto-queue 2ms (cache hit)
npm http cache https://registry.npmjs.org/is-binary-path 8ms (cache hit)
npm http cache https://registry.npmjs.org/anymatch 28ms (cache hit)
npm http cache https://registry.npmjs.org/braces 31ms (cache hit)
npm http cache https://registry.npmjs.org/readdirp 34ms (cache hit)
npm http cache https://registry.npmjs.org/@nodelib%2ffs.stat 36ms (cache hit)
npm http cache https://registry.npmjs.org/@nodelib%2ffs.walk 74ms (cache hit)
npm http cache https://registry.npmjs.org/merge2 76ms (cache hit)
npm http cache https://registry.npmjs.org/braces 71ms (cache hit)
npm http cache https://registry.npmjs.org/read-cache 73ms (cache hit)
npm http cache https://registry.npmjs.org/camelcase-css 362ms (cache hit)
npm http cache https://registry.npmjs.org/util-deprecate 321ms (cache hit)
npm http cache https://registry.npmjs.org/cssesc 360ms (cache hit)
npm http cache https://registry.npmjs.org/path-parse 319ms (cache hit)
npm http cache https://registry.npmjs.org/es-errors 462ms (cache hit)
npm http cache https://registry.npmjs.org/supports-preserve-symlinks-flag 156ms (cache hit)
npm http cache https://registry.npmjs.org/is-core-module 608ms (cache hit)
npm http cache https://registry.npmjs.org/mz 333ms (cache hit)
npm http cache https://registry.npmjs.org/pirates 195ms (cache hit)
npm http cache https://registry.npmjs.org/commander 341ms (cache hit)
npm http cache https://registry.npmjs.org/lines-and-columns 503ms (cache hit)
npm http cache https://registry.npmjs.org/ts-interface-checker 358ms (cache hit)
npm http cache https://registry.npmjs.org/binary-extensions 5ms (cache hit)
npm http cache https://registry.npmjs.org/fill-range 27ms (cache hit)
npm http cache https://registry.npmjs.org/to-regex-range 3ms (cache hit)
npm http cache https://registry.npmjs.org/@nodelib%2ffs.scandir 4ms (cache hit)
npm http cache https://registry.npmjs.org/fastq 152ms (cache hit)
npm http cache https://registry.npmjs.org/run-parallel 5ms (cache hit)
npm http cache https://registry.npmjs.org/reusify 10ms (cache hit)
npm http cache https://registry.npmjs.org/queue-microtask 4ms (cache hit)
npm http cache https://registry.npmjs.org/is-number 1ms (cache hit)
npm http cache https://registry.npmjs.org/hasown 2ms (cache hit)
npm http cache https://registry.npmjs.org/function-bind 6ms (cache hit)
npm http cache https://registry.npmjs.org/object-assign 5ms (cache hit)
npm http cache https://registry.npmjs.org/any-promise 7ms (cache hit)
npm http cache https://registry.npmjs.org/thenify-all 8ms (cache hit)
npm http cache https://registry.npmjs.org/fdir 8ms (cache hit)
npm http cache https://registry.npmjs.org/thenify 5ms (cache hit)
npm http cache https://registry.npmjs.org/eslint 5ms (cache hit)
npm http cache https://registry.npmjs.org/typescript 64ms (cache hit)
npm http cache https://registry.npmjs.org/ts-api-utils 11ms (cache hit)
npm http cache https://registry.npmjs.org/@typescript-eslint%2ftype-utils 115ms (cache hit)
npm http cache https://registry.npmjs.org/@typescript-eslint%2ftypes 278ms (cache hit)
npm http cache https://registry.npmjs.org/@typescript-eslint%2fvisitor-keys 579ms (cache hit)
npm http cache https://registry.npmjs.org/@typescript-eslint%2fvisitor-keys 736ms (cache hit)
npm http cache https://registry.npmjs.org/@typescript-eslint%2ftypes 792ms (cache hit)
npm http cache https://registry.npmjs.org/@typescript-eslint%2ftsconfig-utils 512ms (cache hit)
npm http cache https://registry.npmjs.org/@typescript-eslint%2fvisitor-keys 852ms (cache hit)
npm http cache https://registry.npmjs.org/@typescript-eslint%2fscope-manager 1298ms (cache hit)
npm http cache https://registry.npmjs.org/@typescript-eslint%2fscope-manager 1652ms (cache hit)
npm http cache https://registry.npmjs.org/@typescript-eslint%2fscope-manager 1036ms (cache hit)
npm http cache https://registry.npmjs.org/@typescript-eslint%2fproject-service 1444ms (cache hit)
npm http cache https://registry.npmjs.org/@typescript-eslint%2ftsconfig-utils 21ms (cache hit)
npm http cache https://registry.npmjs.org/lightningcss-darwin-x64 42ms (cache hit)
npm http cache https://registry.npmjs.org/lightningcss-linux-arm64-gnu 137ms (cache hit)
npm http cache https://registry.npmjs.org/detect-libc 336ms (cache hit)
npm http cache https://registry.npmjs.org/lightningcss-linux-x64-gnu 365ms (cache hit)
npm http cache https://registry.npmjs.org/lightningcss-win32-arm64-msvc 391ms (cache hit)
npm http cache https://registry.npmjs.org/lightningcss-win32-x64-msvc 415ms (cache hit)
npm http cache https://registry.npmjs.org/lightningcss-darwin-arm64 417ms (cache hit)
npm http cache https://registry.npmjs.org/lightningcss-linux-arm64-musl 130ms (cache hit)
npm http cache https://registry.npmjs.org/lightningcss-linux-arm-gnueabihf 341ms (cache hit)
npm http cache https://registry.npmjs.org/lightningcss-android-arm64 65ms (cache hit)
npm http cache https://registry.npmjs.org/lightningcss-freebsd-x64 208ms (cache hit)
npm http cache https://registry.npmjs.org/lightningcss-linux-x64-musl 298ms (cache hit)
npm http cache https://registry.npmjs.org/@oxc-project%2ftypes 250ms (cache hit)
npm http cache https://registry.npmjs.org/@rolldown%2fbinding-darwin-x64 355ms (cache hit)
npm http cache https://registry.npmjs.org/@rolldown%2fbinding-android-arm64 279ms (cache hit)
npm http cache https://registry.npmjs.org/@rolldown%2fbinding-darwin-arm64 409ms (cache hit)
npm http cache https://registry.npmjs.org/@rolldown%2fbinding-freebsd-x64 443ms (cache hit)
npm http cache https://registry.npmjs.org/@rolldown%2fbinding-linux-x64-musl 301ms (cache hit)
npm http cache https://registry.npmjs.org/@rolldown%2fbinding-win32-x64-msvc 202ms (cache hit)
npm http cache https://registry.npmjs.org/@rolldown%2fbinding-linux-x64-gnu 349ms (cache hit)
npm http cache https://registry.npmjs.org/@rolldown%2fbinding-linux-arm64-gnu 170ms (cache hit)
npm http cache https://registry.npmjs.org/@rolldown%2fbinding-linux-ppc64-gnu 187ms (cache hit)
npm http cache https://registry.npmjs.org/@rolldown%2fbinding-linux-s390x-gnu 155ms (cache hit)
npm http cache https://registry.npmjs.org/@rolldown%2fbinding-android-arm-eabi 130ms (cache hit)
npm http cache https://registry.npmjs.org/@rolldown%2fbinding-openharmony-arm64 58ms (cache hit)
npm http cache https://registry.npmjs.org/@rolldown%2fbinding-linux-arm64-musl 104ms (cache hit)
npm http cache https://registry.npmjs.org/@rolldown%2fbinding-linux-arm-gnueabihf 57ms (cache hit)
npm http cache https://registry.npmjs.org/@rolldown%2fbinding-win32-arm64-msvc 138ms (cache hit)
npm verbose reify failed optional dependency /run/media/athul/Programing/chatMD/api/web/node_modules/@rolldown/binding-win32-x64-msvc
npm verbose reify failed optional dependency /run/media/athul/Programing/chatMD/api/web/node_modules/@rolldown/binding-win32-arm64-msvc
npm verbose reify failed optional dependency /run/media/athul/Programing/chatMD/api/web/node_modules/@rolldown/binding-openharmony-arm64
npm verbose reify failed optional dependency /run/media/athul/Programing/chatMD/api/web/node_modules/@rolldown/binding-linux-x64-musl
npm verbose reify failed optional dependency /run/media/athul/Programing/chatMD/api/web/node_modules/@rolldown/binding-linux-s390x-gnu
npm verbose reify failed optional dependency /run/media/athul/Programing/chatMD/api/web/node_modules/@rolldown/binding-linux-ppc64-gnu
npm verbose reify failed optional dependency /run/media/athul/Programing/chatMD/api/web/node_modules/@rolldown/binding-linux-arm64-musl
npm verbose reify failed optional dependency /run/media/athul/Programing/chatMD/api/web/node_modules/@rolldown/binding-linux-arm64-gnu
npm verbose reify failed optional dependency /run/media/athul/Programing/chatMD/api/web/node_modules/@rolldown/binding-linux-arm-gnueabihf
npm verbose reify failed optional dependency /run/media/athul/Programing/chatMD/api/web/node_modules/@rolldown/binding-freebsd-x64
npm verbose reify failed optional dependency /run/media/athul/Programing/chatMD/api/web/node_modules/@rolldown/binding-darwin-x64
npm verbose reify failed optional dependency /run/media/athul/Programing/chatMD/api/web/node_modules/@rolldown/binding-darwin-arm64
npm verbose reify failed optional dependency /run/media/athul/Programing/chatMD/api/web/node_modules/@rolldown/binding-android-arm64
npm verbose reify failed optional dependency /run/media/athul/Programing/chatMD/api/web/node_modules/@rolldown/binding-android-arm-eabi
npm verbose reify failed optional dependency /run/media/athul/Programing/chatMD/api/web/node_modules/lightningcss-win32-x64-msvc
npm verbose reify failed optional dependency /run/media/athul/Programing/chatMD/api/web/node_modules/lightningcss-win32-arm64-msvc
npm verbose reify failed optional dependency /run/media/athul/Programing/chatMD/api/web/node_modules/lightningcss-linux-x64-musl
npm verbose reify failed optional dependency /run/media/athul/Programing/chatMD/api/web/node_modules/lightningcss-linux-arm64-musl
npm verbose reify failed optional dependency /run/media/athul/Programing/chatMD/api/web/node_modules/lightningcss-linux-arm64-gnu
npm verbose reify failed optional dependency /run/media/athul/Programing/chatMD/api/web/node_modules/lightningcss-linux-arm-gnueabihf
npm verbose reify failed optional dependency /run/media/athul/Programing/chatMD/api/web/node_modules/lightningcss-freebsd-x64
npm verbose reify failed optional dependency /run/media/athul/Programing/chatMD/api/web/node_modules/lightningcss-darwin-x64
npm verbose reify failed optional dependency /run/media/athul/Programing/chatMD/api/web/node_modules/lightningcss-darwin-arm64
npm verbose reify failed optional dependency /run/media/athul/Programing/chatMD/api/web/node_modules/lightningcss-android-arm64
npm verbose reify failed optional dependency /run/media/athul/Programing/chatMD/api/web/node_modules/fsevents
npm http cache @typescript-eslint/eslint-plugin@https://registry.npmjs.org/@typescript-eslint/eslint-plugin/-/eslint-plugin-8.69.0.tgz 0ms (cache hit)
npm http cache electron-to-chromium@https://registry.npmjs.org/electron-to-chromium/-/electron-to-chromium-1.5.422.tgz 1ms (cache hit)
npm http cache csstype@https://registry.npmjs.org/csstype/-/csstype-3.2.3.tgz 0ms (cache hit)
npm http cache @types/react@https://registry.npmjs.org/@types/react/-/react-19.2.18.tgz 0ms (cache hit)
npm http cache @types/node@https://registry.npmjs.org/@types/node/-/node-24.13.3.tgz 0ms (cache hit)
npm http cache @types/chrome@https://registry.npmjs.org/@types/chrome/-/chrome-0.2.8.tgz 0ms (cache hit)
npm http cache @rolldown/binding-linux-x64-gnu@https://registry.npmjs.org/@rolldown/binding-linux-x64-gnu/-/binding-linux-x64-gnu-1.2.7.tgz 0ms (cache hit)
npm http cache @oxc-project/types@https://registry.npmjs.org/@oxc-project/types/-/types-0.148.0.tgz 1ms (cache hit)
npm http cache lightningcss-linux-x64-gnu@https://registry.npmjs.org/lightningcss-linux-x64-gnu/-/lightningcss-linux-x64-gnu-1.33.0.tgz 0ms (cache hit)
npm http cache punycode@https://registry.npmjs.org/punycode/-/punycode-2.3.1.tgz 0ms (cache hit)
npm http cache is-number@https://registry.npmjs.org/is-number/-/is-number-7.0.0.tgz 0ms (cache hit)
npm http cache thenify@https://registry.npmjs.org/thenify/-/thenify-3.3.1.tgz 0ms (cache hit)
npm http cache thenify-all@https://registry.npmjs.org/thenify-all/-/thenify-all-1.6.0.tgz 0ms (cache hit)
npm http cache object-assign@https://registry.npmjs.org/object-assign/-/object-assign-4.1.1.tgz 0ms (cache hit)
npm http cache queue-microtask@https://registry.npmjs.org/queue-microtask/-/queue-microtask-1.2.3.tgz 0ms (cache hit)
npm http cache mz@https://registry.npmjs.org/mz/-/mz-2.7.0.tgz 0ms (cache hit)
npm http cache path-parse@https://registry.npmjs.org/path-parse/-/path-parse-1.0.7.tgz 0ms (cache hit)
npm http cache util-deprecate@https://registry.npmjs.org/util-deprecate/-/util-deprecate-1.0.2.tgz 0ms (cache hit)
npm http cache camelcase-css@https://registry.npmjs.org/camelcase-css/-/camelcase-css-2.0.1.tgz 0ms (cache hit)
npm http cache binary-extensions@https://registry.npmjs.org/binary-extensions/-/binary-extensions-2.3.0.tgz 0ms (cache hit)
npm http cache run-parallel@https://registry.npmjs.org/run-parallel/-/run-parallel-1.2.0.tgz 0ms (cache hit)
npm http cache read-cache@https://registry.npmjs.org/read-cache/-/read-cache-1.0.2.tgz 0ms (cache hit)
npm http cache merge2@https://registry.npmjs.org/merge2/-/merge2-1.4.1.tgz 0ms (cache hit)
npm http cache to-regex-range@https://registry.npmjs.org/to-regex-range/-/to-regex-range-5.0.1.tgz 0ms (cache hit)
npm http cache fill-range@https://registry.npmjs.org/fill-range/-/fill-range-7.1.1.tgz 0ms (cache hit)
npm http cache readdirp@https://registry.npmjs.org/readdirp/-/readdirp-3.6.0.tgz 0ms (cache hit)
npm http cache anymatch@https://registry.npmjs.org/anymatch/-/anymatch-3.1.3.tgz 0ms (cache hit)
npm http cache is-binary-path@https://registry.npmjs.org/is-binary-path/-/is-binary-path-2.1.0.tgz 0ms (cache hit)
npm http cache postcss-nested@https://registry.npmjs.org/postcss-nested/-/postcss-nested-6.2.0.tgz 0ms (cache hit)
npm http cache postcss-js@https://registry.npmjs.org/postcss-js/-/postcss-js-4.1.0.tgz 0ms (cache hit)
npm http cache normalize-path@https://registry.npmjs.org/normalize-path/-/normalize-path-3.0.0.tgz 0ms (cache hit)
npm http cache micromatch@https://registry.npmjs.org/micromatch/-/micromatch-4.0.8.tgz 0ms (cache hit)
npm http cache didyoumean@https://registry.npmjs.org/didyoumean/-/didyoumean-1.2.2.tgz 0ms (cache hit)
npm http cache @alloc/quick-lru@https://registry.npmjs.org/@alloc/quick-lru/-/quick-lru-5.3.0.tgz 0ms (cache hit)
npm http cache shebang-regex@https://registry.npmjs.org/shebang-regex/-/shebang-regex-3.0.0.tgz 0ms (cache hit)
npm http cache arg@https://registry.npmjs.org/arg/-/arg-5.0.2.tgz 0ms (cache hit)
npm http cache yocto-queue@https://registry.npmjs.org/yocto-queue/-/yocto-queue-0.1.0.tgz 0ms (cache hit)
npm http cache p-limit@https://registry.npmjs.org/p-limit/-/p-limit-3.1.0.tgz 0ms (cache hit)
npm http cache word-wrap@https://registry.npmjs.org/word-wrap/-/word-wrap-1.2.5.tgz 0ms (cache hit)
npm http cache fast-levenshtein@https://registry.npmjs.org/fast-levenshtein/-/fast-levenshtein-2.0.6.tgz 0ms (cache hit)
npm http cache p-locate@https://registry.npmjs.org/p-locate/-/p-locate-5.0.0.tgz 0ms (cache hit)
npm http cache yallist@https://registry.npmjs.org/yallist/-/yallist-3.1.1.tgz 0ms (cache hit)
npm http cache is-extglob@https://registry.npmjs.org/is-extglob/-/is-extglob-2.1.1.tgz 0ms (cache hit)
npm http cache locate-path@https://registry.npmjs.org/locate-path/-/locate-path-6.0.0.tgz 0ms (cache hit)
npm http cache path-exists@https://registry.npmjs.org/path-exists/-/path-exists-4.0.0.tgz 0ms (cache hit)
npm http cache acorn-jsx@https://registry.npmjs.org/acorn-jsx/-/acorn-jsx-5.3.2.tgz 0ms (cache hit)
npm http cache esrecurse@https://registry.npmjs.org/esrecurse/-/esrecurse-4.3.0.tgz 0ms (cache hit)
npm http cache @types/esrecurse@https://registry.npmjs.org/@types/esrecurse/-/esrecurse-4.3.1.tgz 0ms (cache hit)
npm http cache estraverse@https://registry.npmjs.org/estraverse/-/estraverse-5.3.0.tgz 0ms (cache hit)
npm http cache lru-cache@https://registry.npmjs.org/lru-cache/-/lru-cache-5.1.1.tgz 0ms (cache hit)
npm http cache js-tokens@https://registry.npmjs.org/js-tokens/-/js-tokens-4.0.0.tgz 0ms (cache hit)
npm http cache convert-source-map@https://registry.npmjs.org/convert-source-map/-/convert-source-map-2.0.0.tgz 0ms (cache hit)
npm http cache ms@https://registry.npmjs.org/ms/-/ms-2.1.3.tgz 0ms (cache hit)
npm http cache path-key@https://registry.npmjs.org/path-key/-/path-key-3.1.1.tgz 0ms (cache hit)
npm http cache shebang-command@https://registry.npmjs.org/shebang-command/-/shebang-command-2.0.0.tgz 0ms (cache hit)
npm http cache @types/json-schema@https://registry.npmjs.org/@types/json-schema/-/json-schema-7.0.15.tgz 0ms (cache hit)
npm http cache natural-compare@https://registry.npmjs.org/natural-compare/-/natural-compare-1.4.0.tgz 0ms (cache hit)
npm http cache is-glob@https://registry.npmjs.org/is-glob/-/is-glob-4.0.3.tgz 0ms (cache hit)
npm http cache imurmurhash@https://registry.npmjs.org/imurmurhash/-/imurmurhash-0.1.4.tgz 0ms (cache hit)
npm http cache glob-parent@https://registry.npmjs.org/glob-parent/-/glob-parent-6.0.2.tgz 0ms (cache hit)
npm http cache find-up@https://registry.npmjs.org/find-up/-/find-up-5.0.0.tgz 0ms (cache hit)
npm http cache ignore@https://registry.npmjs.org/ignore/-/ignore-5.3.2.tgz 0ms (cache hit)
npm http cache escape-string-regexp@https://registry.npmjs.org/escape-string-regexp/-/escape-string-regexp-4.0.0.tgz 0ms (cache hit)
npm http cache @types/estree@https://registry.npmjs.org/@types/estree/-/estree-1.0.9.tgz 0ms (cache hit)
npm http cache @eslint-community/regexpp@https://registry.npmjs.org/@eslint-community/regexpp/-/regexpp-4.12.2.tgz 0ms (cache hit)
npm http cache @eslint-community/eslint-utils@https://registry.npmjs.org/@eslint-community/eslint-utils/-/eslint-utils-4.10.1.tgz 0ms (cache hit)
npm http cache picocolors@https://registry.npmjs.org/picocolors/-/picocolors-1.1.1.tgz 0ms (cache hit)
npm http cache undici-types@https://registry.npmjs.org/undici-types/-/undici-types-7.18.2.tgz 1ms (cache hit)
npm http cache @types/filewriter@https://registry.npmjs.org/@types/filewriter/-/filewriter-0.0.33.tgz 0ms (cache hit)
npm http cache @types/filesystem@https://registry.npmjs.org/@types/filesystem/-/filesystem-0.0.36.tgz 0ms (cache hit)
npm http cache @types/har-format@https://registry.npmjs.org/@types/har-format/-/har-format-1.2.16.tgz 0ms (cache hit)
npm http cache globals@https://registry.npmjs.org/globals/-/globals-17.12.0.tgz 0ms (cache hit)
npm http cache eslint-plugin-react-refresh@https://registry.npmjs.org/eslint-plugin-react-refresh/-/eslint-plugin-react-refresh-0.5.6.tgz 0ms (cache hit)
npm http cache ignore@https://registry.npmjs.org/ignore/-/ignore-7.0.8.tgz 1ms (cache hit)
npm http cache glob-parent@https://registry.npmjs.org/glob-parent/-/glob-parent-5.1.2.tgz 0ms (cache hit)
npm http cache glob-parent@https://registry.npmjs.org/glob-parent/-/glob-parent-5.1.2.tgz 0ms (cache hit)
npm http cache @typescript-eslint/project-service@https://registry.npmjs.org/@typescript-eslint/project-service/-/project-service-8.69.0.tgz 0ms (cache hit)
npm http cache @typescript-eslint/tsconfig-utils@https://registry.npmjs.org/@typescript-eslint/tsconfig-utils/-/tsconfig-utils-8.69.0.tgz 0ms (cache hit)
npm http cache @typescript-eslint/visitor-keys@https://registry.npmjs.org/@typescript-eslint/visitor-keys/-/visitor-keys-8.69.0.tgz 0ms (cache hit)
npm http cache @typescript-eslint/parser@https://registry.npmjs.org/@typescript-eslint/parser/-/parser-8.69.0.tgz 0ms (cache hit)
npm http cache picomatch@https://registry.npmjs.org/picomatch/-/picomatch-2.3.2.tgz 0ms (cache hit)
npm http cache braces@https://registry.npmjs.org/braces/-/braces-3.0.3.tgz 0ms (cache hit)
npm http cache postcss-import@https://registry.npmjs.org/postcss-import/-/postcss-import-15.1.0.tgz 0ms (cache hit)
npm http cache scheduler@https://registry.npmjs.org/scheduler/-/scheduler-0.27.0.tgz 0ms (cache hit)
npm http cache prelude-ls@https://registry.npmjs.org/prelude-ls/-/prelude-ls-1.2.1.tgz 0ms (cache hit)
npm http cache @babel/helper-module-imports@https://registry.npmjs.org/@babel/helper-module-imports/-/helper-module-imports-7.29.7.tgz 1ms (cache hit)
npm http cache @babel/compat-data@https://registry.npmjs.org/@babel/compat-data/-/compat-data-7.29.7.tgz 0ms (cache hit)
npm http cache @babel/helper-validator-option@https://registry.npmjs.org/@babel/helper-validator-option/-/helper-validator-option-7.29.7.tgz 0ms (cache hit)
npm http cache @babel/helper-validator-identifier@https://registry.npmjs.org/@babel/helper-validator-identifier/-/helper-validator-identifier-7.29.7.tgz 0ms (cache hit)
npm http cache fast-json-stable-stringify@https://registry.npmjs.org/fast-json-stable-stringify/-/fast-json-stable-stringify-2.1.0.tgz 0ms (cache hit)
npm http cache update-browserslist-db@https://registry.npmjs.org/update-browserslist-db/-/update-browserslist-db-1.3.2.tgz 0ms (cache hit)
npm http cache browserslist@https://registry.npmjs.org/browserslist/-/browserslist-4.28.9.tgz 0ms (cache hit)
npm http cache typescript-eslint@https://registry.npmjs.org/typescript-eslint/-/typescript-eslint-8.69.0.tgz 0ms (cache hit)
npm http cache picomatch@https://registry.npmjs.org/picomatch/-/picomatch-4.0.7.tgz 0ms (cache hit)
npm http cache picomatch@https://registry.npmjs.org/picomatch/-/picomatch-4.0.7.tgz 0ms (cache hit)
npm http cache isexe@https://registry.npmjs.org/isexe/-/isexe-2.0.0.tgz 0ms (cache hit)
npm http cache detect-libc@https://registry.npmjs.org/detect-libc/-/detect-libc-2.1.2.tgz 0ms (cache hit)
npm http cache escalade@https://registry.npmjs.org/escalade/-/escalade-3.2.0.tgz 0ms (cache hit)
npm http cache ts-interface-checker@https://registry.npmjs.org/ts-interface-checker/-/ts-interface-checker-0.1.13.tgz 0ms (cache hit)
npm http cache pirates@https://registry.npmjs.org/pirates/-/pirates-4.0.7.tgz 0ms (cache hit)
npm http cache any-promise@https://registry.npmjs.org/any-promise/-/any-promise-1.3.0.tgz 0ms (cache hit)
npm http cache tinyglobby@https://registry.npmjs.org/tinyglobby/-/tinyglobby-0.2.17.tgz 0ms (cache hit)
npm http cache commander@https://registry.npmjs.org/commander/-/commander-4.1.1.tgz 0ms (cache hit)
npm http cache lines-and-columns@https://registry.npmjs.org/lines-and-columns/-/lines-and-columns-1.2.4.tgz 0ms (cache hit)
npm http cache hasown@https://registry.npmjs.org/hasown/-/hasown-2.0.4.tgz 0ms (cache hit)
npm http cache is-core-module@https://registry.npmjs.org/is-core-module/-/is-core-module-2.16.2.tgz 0ms (cache hit)
npm http cache supports-preserve-symlinks-flag@https://registry.npmjs.org/supports-preserve-symlinks-flag/-/supports-preserve-symlinks-flag-1.0.0.tgz 0ms (cache hit)
npm http cache es-errors@https://registry.npmjs.org/es-errors/-/es-errors-1.3.0.tgz 0ms (cache hit)
npm http cache function-bind@https://registry.npmjs.org/function-bind/-/function-bind-1.1.2.tgz 0ms (cache hit)
npm http cache fastq@https://registry.npmjs.org/fastq/-/fastq-1.20.3.tgz 0ms (cache hit)
npm http cache postcss-load-config@https://registry.npmjs.org/postcss-load-config/-/postcss-load-config-6.0.1.tgz 0ms (cache hit)
npm http cache object-hash@https://registry.npmjs.org/object-hash/-/object-hash-3.0.0.tgz 0ms (cache hit)
npm http cache dlv@https://registry.npmjs.org/dlv/-/dlv-1.1.3.tgz 0ms (cache hit)
npm http cache lilconfig@https://registry.npmjs.org/lilconfig/-/lilconfig-3.1.3.tgz 0ms (cache hit)
npm http cache chokidar@https://registry.npmjs.org/chokidar/-/chokidar-3.6.0.tgz 0ms (cache hit)
npm http cache deep-is@https://registry.npmjs.org/deep-is/-/deep-is-0.1.4.tgz 0ms (cache hit)
npm http cache type-check@https://registry.npmjs.org/type-check/-/type-check-0.4.0.tgz 0ms (cache hit)
npm http cache @keyv/serialize@https://registry.npmjs.org/@keyv/serialize/-/serialize-1.1.1.tgz 0ms (cache hit)
npm http cache qified@https://registry.npmjs.org/qified/-/qified-0.10.1.tgz 0ms (cache hit)
npm http cache @keyv/bigmap@https://registry.npmjs.org/@keyv/bigmap/-/bigmap-1.3.1.tgz 0ms (cache hit)
npm http cache keyv@https://registry.npmjs.org/keyv/-/keyv-5.6.0.tgz 0ms (cache hit)
npm http cache @cacheable/utils@https://registry.npmjs.org/@cacheable/utils/-/utils-2.5.0.tgz 0ms (cache hit)
npm http cache flat-cache@https://registry.npmjs.org/flat-cache/-/flat-cache-6.1.23.tgz 0ms (cache hit)
npm http cache @cacheable/memory@https://registry.npmjs.org/@cacheable/memory/-/memory-2.2.0.tgz 0ms (cache hit)
npm http cache @babel/helper-string-parser@https://registry.npmjs.org/@babel/helper-string-parser/-/helper-string-parser-7.29.7.tgz 0ms (cache hit)
npm http cache @babel/helper-globals@https://registry.npmjs.org/@babel/helper-globals/-/helper-globals-7.29.7.tgz 1ms (cache hit)
npm http cache gensync@https://registry.npmjs.org/gensync/-/gensync-1.0.0-beta.2.tgz 0ms (cache hit)
npm http cache @babel/code-frame@https://registry.npmjs.org/@babel/code-frame/-/code-frame-7.29.7.tgz 0ms (cache hit)
npm http cache zod-validation-error@https://registry.npmjs.org/zod-validation-error/-/zod-validation-error-4.0.2.tgz 0ms (cache hit)
npm http cache @humanfs/types@https://registry.npmjs.org/@humanfs/types/-/types-0.15.0.tgz 0ms (cache hit)
npm http cache levn@https://registry.npmjs.org/levn/-/levn-0.4.1.tgz 0ms (cache hit)
npm http cache @humanfs/core@https://registry.npmjs.org/@humanfs/core/-/core-0.19.2.tgz 0ms (cache hit)
npm http cache optionator@https://registry.npmjs.org/optionator/-/optionator-0.9.4.tgz 0ms (cache hit)
npm http cache json-stable-stringify-without-jsonify@https://registry.npmjs.org/json-stable-stringify-without-jsonify/-/json-stable-stringify-without-jsonify-1.0.1.tgz 0ms (cache hit)
npm http cache esutils@https://registry.npmjs.org/esutils/-/esutils-2.0.3.tgz 0ms (cache hit)
npm http cache file-entry-cache@https://registry.npmjs.org/file-entry-cache/-/file-entry-cache-11.1.5.tgz 0ms (cache hit)
npm http cache eslint-visitor-keys@https://registry.npmjs.org/eslint-visitor-keys/-/eslint-visitor-keys-5.0.1.tgz 0ms (cache hit)
npm http cache fast-deep-equal@https://registry.npmjs.org/fast-deep-equal/-/fast-deep-equal-3.1.3.tgz 0ms (cache hit)
npm http cache @humanfs/node@https://registry.npmjs.org/@humanfs/node/-/node-0.16.8.tgz 0ms (cache hit)
npm http cache @humanwhocodes/module-importer@https://registry.npmjs.org/@humanwhocodes/module-importer/-/module-importer-1.0.1.tgz 0ms (cache hit)
npm http cache @humanwhocodes/retry@https://registry.npmjs.org/@humanwhocodes/retry/-/retry-0.4.3.tgz 0ms (cache hit)
npm http cache debug@https://registry.npmjs.org/debug/-/debug-4.4.3.tgz 0ms (cache hit)
npm http cache postcss-value-parser@https://registry.npmjs.org/postcss-value-parser/-/postcss-value-parser-4.2.0.tgz 0ms (cache hit)
npm http cache @vitejs/plugin-react@https://registry.npmjs.org/@vitejs/plugin-react/-/plugin-react-6.1.1.tgz 0ms (cache hit)
npm http cache @types/react-dom@https://registry.npmjs.org/@types/react-dom/-/react-dom-19.2.7.tgz 0ms (cache hit)
npm http cache fdir@https://registry.npmjs.org/fdir/-/fdir-6.5.0.tgz 0ms (cache hit)
npm http cache eslint-visitor-keys@https://registry.npmjs.org/eslint-visitor-keys/-/eslint-visitor-keys-3.4.3.tgz 0ms (cache hit)
npm http cache cssesc@https://registry.npmjs.org/cssesc/-/cssesc-3.0.0.tgz 0ms (cache hit)
npm http cache @nodelib/fs.stat@https://registry.npmjs.org/@nodelib/fs.stat/-/fs.stat-2.0.5.tgz 0ms (cache hit)
npm http cache brace-expansion@https://registry.npmjs.org/brace-expansion/-/brace-expansion-5.0.9.tgz 0ms (cache hit)
npm http cache hookified@https://registry.npmjs.org/hookified/-/hookified-1.15.1.tgz 0ms (cache hit)
npm http cache hashery@https://registry.npmjs.org/hashery/-/hashery-1.5.1.tgz 0ms (cache hit)
npm http cache jsesc@https://registry.npmjs.org/jsesc/-/jsesc-3.1.0.tgz 0ms (cache hit)
npm http cache semver@https://registry.npmjs.org/semver/-/semver-6.3.1.tgz 0ms (cache hit)
npm http cache which@https://registry.npmjs.org/which/-/which-2.0.2.tgz 0ms (cache hit)
npm http cache baseline-browser-mapping@https://registry.npmjs.org/baseline-browser-mapping/-/baseline-browser-mapping-2.11.21.tgz 0ms (cache hit)
npm http cache cross-spawn@https://registry.npmjs.org/cross-spawn/-/cross-spawn-7.0.6.tgz 0ms (cache hit)
npm http cache hookified@https://registry.npmjs.org/hookified/-/hookified-2.2.0.tgz 0ms (cache hit)
npm http cache reusify@https://registry.npmjs.org/reusify/-/reusify-1.1.0.tgz 0ms (cache hit)
npm http cache balanced-match@https://registry.npmjs.org/balanced-match/-/balanced-match-4.0.4.tgz 0ms (cache hit)
npm http cache hermes-estree@https://registry.npmjs.org/hermes-estree/-/hermes-estree-0.25.1.tgz 0ms (cache hit)
npm http cache @jridgewell/resolve-uri@https://registry.npmjs.org/@jridgewell/resolve-uri/-/resolve-uri-3.1.2.tgz 0ms (cache hit)
npm http cache @jridgewell/gen-mapping@https://registry.npmjs.org/@jridgewell/gen-mapping/-/gen-mapping-0.3.13.tgz 0ms (cache hit)
npm http cache json-schema-traverse@https://registry.npmjs.org/json-schema-traverse/-/json-schema-traverse-0.4.1.tgz 0ms (cache hit)
npm http cache @eslint/object-schema@https://registry.npmjs.org/@eslint/object-schema/-/object-schema-3.0.5.tgz 0ms (cache hit)
npm http cache @eslint/plugin-kit@https://registry.npmjs.org/@eslint/plugin-kit/-/plugin-kit-0.7.3.tgz 0ms (cache hit)
npm http cache @eslint/core@https://registry.npmjs.org/@eslint/core/-/core-1.2.1.tgz 0ms (cache hit)
npm http cache @eslint/config-helpers@https://registry.npmjs.org/@eslint/config-helpers/-/config-helpers-0.7.0.tgz 0ms (cache hit)
npm http cache node-releases@https://registry.npmjs.org/node-releases/-/node-releases-2.0.54.tgz 0ms (cache hit)
npm http cache @rolldown/pluginutils@https://registry.npmjs.org/@rolldown/pluginutils/-/pluginutils-1.0.1.tgz 1ms (cache hit)
npm http cache @eslint/js@https://registry.npmjs.org/@eslint/js/-/js-10.0.1.tgz 0ms (cache hit)
npm http cache flatted@https://registry.npmjs.org/flatted/-/flatted-3.4.4.tgz 0ms (cache hit)
npm http cache @eslint/config-array@https://registry.npmjs.org/@eslint/config-array/-/config-array-0.23.5.tgz 0ms (cache hit)
npm verbose stack Error: ENOTEMPTY: directory not empty, rmdir '/run/media/athul/Programing/chatMD/api/web/node_modules/rolldown/dist/shared'
npm error code ENOTEMPTY
npm error syscall rmdir
npm error path /run/media/athul/Programing/chatMD/api/web/node_modules/rolldown/dist/shared
npm error errno -39
npm error ENOTEMPTY: directory not empty, rmdir '/run/media/athul/Programing/chatMD/api/web/node_modules/rolldown/dist/shared'
npm verbose cwd /run/media/athul/Programing/chatMD/api/web
npm verbose os Linux 7.1.12-200.fc44.x86_64
npm verbose node v22.23.1
npm verbose npm  v10.9.8
npm verbose exit -39
npm verbose code -39
npm error A complete log of this run can be found in: /home/athul/.npm/_logs/2026-09-04T19_59_11_241Z-debug-0.log
